-4113
(10 20)
(10 . 20)
(10 20 . 30)
(10 "20" . 30)
(10 . "Hello\nWorld, \"all \\fine\"")
(#f . #t)
((#f . #t) . #t)
(|10| println! . |Hello\nWorld, "all \| \\\| \\fine"|)
(())
#!void
(() #f #t ||)
