success: " the World\nshould still be visible."
success: "DOS"
success: "\rDOSmix"
success: "\rwrong or unixmix"
success: "Mac"
success: "ok\n"
failure (code 2, pos 0): "Hello!"
success: "o!"
success: "llo"
success: "lo"
success: "ello"
success: ""
success: ""
success: "lo"
success: "Hello"
failure (code 1, pos 2): "llo"
failure (code 1, pos 5): ""
failure (code 1, pos 5): ""
success: " 234"
